{"sessionId": "735cc6", "runId": "pre-fix", "hypothesisId": "H8", "location": "game_resource_language_dialog.py:_set_busy", "message": "set busy state", "data": {"busy": false, "text": "当前使用：内建语言", "source": "builtin"}, "timestamp": 1776088264708}
{"sessionId": "735cc6", "runId": "pre-fix", "hypothesisId": "H4", "location": "game_resource_language_dialog.py:_load_branches", "message": "start load branches worker", "data": {"source": "github/InventivetalentDev"}, "timestamp": 1776088268016}
{"sessionId": "735cc6", "runId": "pre-fix", "hypothesisId": "H8", "location": "game_resource_language_dialog.py:_set_busy", "message": "set busy state", "data": {"busy": true, "text": "正在获取分支列表…", "source": "github/InventivetalentDev"}, "timestamp": 1776088268016}
{"sessionId": "735cc6", "runId": "pre-fix", "hypothesisId": "H1", "location": "game_resource_language.py:fetch_github_branches", "message": "start fetch branches", "data": {}, "timestamp": 1776088268019}
{"sessionId": "735cc6", "runId": "pre-fix", "hypothesisId": "H1", "location": "game_resource_language.py:fetch_github_branches", "message": "finish fetch branches", "data": {"branchCount": 103, "sample": ["26.1.1", "26.1", "1.9.4", "1.9.3", "1.9.2"]}, "timestamp": 1776088273120}
{"sessionId": "735cc6", "runId": "pre-fix", "hypothesisId": "H4", "location": "game_resource_language_dialog.py:_on_branches_loaded", "message": "branches loaded callback", "data": {"count": 103}, "timestamp": 1776088273121}
{"sessionId": "735cc6", "runId": "pre-fix", "hypothesisId": "H8", "location": "game_resource_language_dialog.py:_set_busy", "message": "set busy state", "data": {"busy": false, "text": "已加载分支：103 个", "source": "github/InventivetalentDev"}, "timestamp": 1776088273122}
{"sessionId": "735cc6", "runId": "pre-fix", "hypothesisId": "H6", "location": "game_resource_language_dialog.py:_on_branch_changed", "message": "branch changed triggered", "data": {"source": "github/InventivetalentDev", "branch": "26.1.1"}, "timestamp": 1776088273122}
{"sessionId": "735cc6", "runId": "pre-fix", "hypothesisId": "H8", "location": "game_resource_language_dialog.py:_set_busy", "message": "set busy state", "data": {"busy": true, "text": "正在获取语言列表（26.1.1）…", "source": "github/InventivetalentDev"}, "timestamp": 1776088273123}
{"sessionId": "735cc6", "runId": "pre-fix", "hypothesisId": "H6", "location": "game_resource_language.py:fetch_github_languages", "message": "start fetch languages", "data": {"branch": "26.1.1"}, "timestamp": 1776088273124}
{"sessionId": "735cc6", "runId": "pre-fix", "hypothesisId": "H6", "location": "game_resource_language.py:fetch_github_languages", "message": "finish fetch languages", "data": {"branch": "26.1.1", "count": 120, "sample": ["af_za", "ar_sa", "ast_es", "az_az", "ba_ru", "be_by", "be_latn", "bg_bg"]}, "timestamp": 1776088275093}
{"sessionId": "735cc6", "runId": "pre-fix", "hypothesisId": "H6", "location": "game_resource_language_dialog.py:_on_languages_loaded", "message": "languages loaded callback", "data": {"count": 120, "sample": ["af_za", "ar_sa", "ast_es", "az_az", "ba_ru", "be_by", "be_latn", "bg_bg"]}, "timestamp": 1776088275095}
{"sessionId": "735cc6", "runId": "pre-fix", "hypothesisId": "H8", "location": "game_resource_language_dialog.py:_set_busy", "message": "set busy state", "data": {"busy": false, "text": "已加载语言：120 个", "source": "github/InventivetalentDev"}, "timestamp": 1776088275096}
{"sessionId": "735cc6", "runId": "pre-fix", "hypothesisId": "H6", "location": "game_resource_language_dialog.py:_on_branch_changed", "message": "branch changed triggered", "data": {"source": "github/InventivetalentDev", "branch": "26.1"}, "timestamp": 1776088279292}
{"sessionId": "735cc6", "runId": "pre-fix", "hypothesisId": "H8", "location": "game_resource_language_dialog.py:_set_busy", "message": "set busy state", "data": {"busy": true, "text": "正在获取语言列表（26.1）…", "source": "github/InventivetalentDev"}, "timestamp": 1776088279292}
{"sessionId": "735cc6", "runId": "pre-fix", "hypothesisId": "H6", "location": "game_resource_language.py:fetch_github_languages", "message": "start fetch languages", "data": {"branch": "26.1"}, "timestamp": 1776088279296}
{"sessionId": "735cc6", "runId": "pre-fix", "hypothesisId": "H6", "location": "game_resource_language.py:fetch_github_languages", "message": "finish fetch languages", "data": {"branch": "26.1", "count": 120, "sample": ["af_za", "ar_sa", "ast_es", "az_az", "ba_ru", "be_by", "be_latn", "bg_bg"]}, "timestamp": 1776088280172}
{"sessionId": "735cc6", "runId": "pre-fix", "hypothesisId": "H6", "location": "game_resource_language_dialog.py:_on_languages_loaded", "message": "languages loaded callback", "data": {"count": 120, "sample": ["af_za", "ar_sa", "ast_es", "az_az", "ba_ru", "be_by", "be_latn", "bg_bg"]}, "timestamp": 1776088280174}
{"sessionId": "735cc6", "runId": "pre-fix", "hypothesisId": "H8", "location": "game_resource_language_dialog.py:_set_busy", "message": "set busy state", "data": {"busy": false, "text": "已加载语言：120 个", "source": "github/InventivetalentDev"}, "timestamp": 1776088280175}
{"sessionId": "735cc6", "runId": "pre-fix", "hypothesisId": "H6", "location": "game_resource_language_dialog.py:_on_branch_changed", "message": "branch changed triggered", "data": {"source": "github/InventivetalentDev", "branch": "26.1.1"}, "timestamp": 1776088282645}
{"sessionId": "735cc6", "runId": "pre-fix", "hypothesisId": "H8", "location": "game_resource_language_dialog.py:_set_busy", "message": "set busy state", "data": {"busy": true, "text": "正在获取语言列表（26.1.1）…", "source": "github/InventivetalentDev"}, "timestamp": 1776088282646}
{"sessionId": "735cc6", "runId": "pre-fix", "hypothesisId": "H6", "location": "game_resource_language.py:fetch_github_languages", "message": "start fetch languages", "data": {"branch": "26.1.1"}, "timestamp": 1776088282650}
{"sessionId": "735cc6", "runId": "pre-fix", "hypothesisId": "H6", "location": "game_resource_language.py:fetch_github_languages", "message": "finish fetch languages", "data": {"branch": "26.1.1", "count": 120, "sample": ["af_za", "ar_sa", "ast_es", "az_az", "ba_ru", "be_by", "be_latn", "bg_bg"]}, "timestamp": 1776088283048}
{"sessionId": "735cc6", "runId": "pre-fix", "hypothesisId": "H6", "location": "game_resource_language_dialog.py:_on_languages_loaded", "message": "languages loaded callback", "data": {"count": 120, "sample": ["af_za", "ar_sa", "ast_es", "az_az", "ba_ru", "be_by", "be_latn", "bg_bg"]}, "timestamp": 1776088283050}
{"sessionId": "735cc6", "runId": "pre-fix", "hypothesisId": "H8", "location": "game_resource_language_dialog.py:_set_busy", "message": "set busy state", "data": {"busy": false, "text": "已加载语言：120 个", "source": "github/InventivetalentDev"}, "timestamp": 1776088283051}
{"sessionId": "735cc6", "runId": "pre-fix", "hypothesisId": "H6", "location": "game_resource_language_dialog.py:_on_branch_changed", "message": "branch changed triggered", "data": {"source": "builtin", "branch": ""}, "timestamp": 1776088304485}
{"sessionId": "735cc6", "runId": "pre-fix", "hypothesisId": "H8", "location": "game_resource_language_dialog.py:_set_busy", "message": "set busy state", "data": {"busy": false, "text": "当前使用：内建语言", "source": "builtin"}, "timestamp": 1776088304485}
{"sessionId": "735cc6", "runId": "pre-fix", "hypothesisId": "H4", "location": "game_resource_language_dialog.py:_load_branches", "message": "start load branches worker", "data": {"source": "github/InventivetalentDev"}, "timestamp": 1776088305996}
{"sessionId": "735cc6", "runId": "pre-fix", "hypothesisId": "H8", "location": "game_resource_language_dialog.py:_set_busy", "message": "set busy state", "data": {"busy": true, "text": "正在获取分支列表…", "source": "github/InventivetalentDev"}, "timestamp": 1776088305997}
{"sessionId": "735cc6", "runId": "pre-fix", "hypothesisId": "H1", "location": "game_resource_language.py:fetch_github_branches", "message": "start fetch branches", "data": {}, "timestamp": 1776088306000}
{"sessionId": "735cc6", "runId": "pre-fix", "hypothesisId": "H1", "location": "game_resource_language.py:fetch_github_branches", "message": "finish fetch branches", "data": {"branchCount": 103, "sample": ["26.1.1", "26.1", "1.9.4", "1.9.3", "1.9.2"]}, "timestamp": 1776088311899}
{"sessionId": "735cc6", "runId": "pre-fix", "hypothesisId": "H4", "location": "game_resource_language_dialog.py:_on_branches_loaded", "message": "branches loaded callback", "data": {"count": 103}, "timestamp": 1776088311901}
{"sessionId": "735cc6", "runId": "pre-fix", "hypothesisId": "H8", "location": "game_resource_language_dialog.py:_set_busy", "message": "set busy state", "data": {"busy": false, "text": "已加载分支：103 个", "source": "github/InventivetalentDev"}, "timestamp": 1776088311902}
{"sessionId": "735cc6", "runId": "pre-fix", "hypothesisId": "H6", "location": "game_resource_language_dialog.py:_on_branch_changed", "message": "branch changed triggered", "data": {"source": "github/InventivetalentDev", "branch": "26.1.1"}, "timestamp": 1776088311902}
{"sessionId": "735cc6", "runId": "pre-fix", "hypothesisId": "H8", "location": "game_resource_language_dialog.py:_set_busy", "message": "set busy state", "data": {"busy": true, "text": "正在获取语言列表（26.1.1）…", "source": "github/InventivetalentDev"}, "timestamp": 1776088311903}
{"sessionId": "735cc6", "runId": "pre-fix", "hypothesisId": "H6", "location": "game_resource_language.py:fetch_github_languages", "message": "start fetch languages", "data": {"branch": "26.1.1"}, "timestamp": 1776088311904}
{"sessionId": "735cc6", "runId": "pre-fix", "hypothesisId": "H6", "location": "game_resource_language.py:fetch_github_languages", "message": "finish fetch languages", "data": {"branch": "26.1.1", "count": 120, "sample": ["af_za", "ar_sa", "ast_es", "az_az", "ba_ru", "be_by", "be_latn", "bg_bg"]}, "timestamp": 1776088312310}
{"sessionId": "735cc6", "runId": "pre-fix", "hypothesisId": "H6", "location": "game_resource_language_dialog.py:_on_languages_loaded", "message": "languages loaded callback", "data": {"count": 120, "sample": ["af_za", "ar_sa", "ast_es", "az_az", "ba_ru", "be_by", "be_latn", "bg_bg"]}, "timestamp": 1776088312313}
{"sessionId": "735cc6", "runId": "pre-fix", "hypothesisId": "H8", "location": "game_resource_language_dialog.py:_set_busy", "message": "set busy state", "data": {"busy": false, "text": "已加载语言：120 个", "source": "github/InventivetalentDev"}, "timestamp": 1776088312314}
{"sessionId": "735cc6", "runId": "pre-fix", "hypothesisId": "H8", "location": "game_resource_language_dialog.py:_set_busy", "message": "set busy state", "data": {"busy": false, "text": "已删除语言包", "source": "github/InventivetalentDev"}, "timestamp": 1776088316811}
{"sessionId": "735cc6", "runId": "pre-fix", "hypothesisId": "H6", "location": "game_resource_language_dialog.py:_on_branch_changed", "message": "branch changed triggered", "data": {"source": "github/InventivetalentDev", "branch": "1.21.11"}, "timestamp": 1776088451929}
{"sessionId": "735cc6", "runId": "pre-fix", "hypothesisId": "H8", "location": "game_resource_language_dialog.py:_set_busy", "message": "set busy state", "data": {"busy": true, "text": "正在获取语言列表（1.21.11）…", "source": "github/InventivetalentDev"}, "timestamp": 1776088451929}
{"sessionId": "735cc6", "runId": "pre-fix", "hypothesisId": "H6", "location": "game_resource_language.py:fetch_github_languages", "message": "start fetch languages", "data": {"branch": "1.21.11"}, "timestamp": 1776088451934}
{"sessionId": "735cc6", "runId": "pre-fix", "hypothesisId": "H6", "location": "game_resource_language.py:fetch_github_languages", "message": "finish fetch languages", "data": {"branch": "1.21.11", "count": 120, "sample": ["af_za", "ar_sa", "ast_es", "az_az", "ba_ru", "be_by", "be_latn", "bg_bg"]}, "timestamp": 1776088453628}
{"sessionId": "735cc6", "runId": "pre-fix", "hypothesisId": "H6", "location": "game_resource_language_dialog.py:_on_languages_loaded", "message": "languages loaded callback", "data": {"count": 120, "sample": ["af_za", "ar_sa", "ast_es", "az_az", "ba_ru", "be_by", "be_latn", "bg_bg"]}, "timestamp": 1776088453630}
{"sessionId": "735cc6", "runId": "pre-fix", "hypothesisId": "H8", "location": "game_resource_language_dialog.py:_set_busy", "message": "set busy state", "data": {"busy": false, "text": "已加载语言：120 个", "source": "github/InventivetalentDev"}, "timestamp": 1776088453632}
{"sessionId": "735cc6", "runId": "pre-fix", "hypothesisId": "H8", "location": "game_resource_language_dialog.py:_set_busy", "message": "set busy state", "data": {"busy": true, "text": "正在下载 1.21.11 / zh_cn …", "source": "github/InventivetalentDev"}, "timestamp": 1776088487059}
{"sessionId": "735cc6", "runId": "pre-fix", "hypothesisId": "H8", "location": "game_resource_language_dialog.py:_set_busy", "message": "set busy state", "data": {"busy": false, "text": "已下载并装载：zh_cn @ 1.21.11", "source": "github/InventivetalentDev"}, "timestamp": 1776088487771}
